15:58:42 **** Incremental Build of configuration Debug for project BTN_Example ****
make -j4 all 
arm-none-eabi-gcc "../Core/Src/main.c" -mcpu=cortex-m4 -std=gnu11 -g3 -DDEBUG -DUSE_HAL_DRIVER -DSTM32F407xx -c -I../Core/Inc -I../Drivers/STM32F4xx_HAL_Driver/Inc -I../Drivers/STM32F4xx_HAL_Driver/Inc/Legacy -I../Drivers/CMSIS/Device/ST/STM32F4xx/Include -I../Drivers/CMSIS/Include -O0 -ffunction-sections -fdata-sections -Wall -fstack-usage -fcyclomatic-complexity -MMD -MP -MF"Core/Src/main.d" -MT"Core/Src/main.o" --specs=nano.specs -mfpu=fpv4-sp-d16 -mfloat-abi=hard -mthumb -o "Core/Src/main.o"
arm-none-eabi-gcc -o "BTN_Example.elf" @"objects.list"   -mcpu=cortex-m4 -T"/home/moktar/embedded_stuff/STM32_PROJ/STM32_wokshop/session2/BTN_Example/STM32F407VGTX_FLASH.ld" --specs=nosys.specs -Wl,-Map="BTN_Example.map" -Wl,--gc-sections -static --specs=nano.specs -mfpu=fpv4-sp-d16 -mfloat-abi=hard -mthumb -Wl,--start-group -lc -lm -Wl,--end-group
Finished building target: BTN_Example.elf
 
arm-none-eabi-size  BTN_Example.elf 
arm-none-eabi-objdump -h -S BTN_Example.elf  > "BTN_Example.list"
   text	   data	    bss	    dec	    hex	filename
   5928	     12	   1572	   7512	   1d58	BTN_Example.elf
Finished building: default.size.stdout
 
Finished building: BTN_Example.list
 

15:58:44 Build Finished. 0 errors, 0 warnings. (took 1s.820ms)

